2026-08-25T08:50:25.050483Z  INFO amethystate::store::backend::text::store: initializing TextStore path=C:\Users\ignat\AppData\Roaming\guinea-processes-app-example\config\settings.json
2026-08-25T08:50:25.115891Z  INFO processes_core::startup: started launches=3
2026-08-25T08:50:25.116158Z DEBUG guinea_core::actor::event_bus: bus.subscribe_fn event="events::ProcessKilled"
2026-08-25T08:50:25.116290Z DEBUG guinea_core::actor::event_bus: bus.subscribe_fn event="events::ProcessKilled"
2026-08-25T08:50:25.116321Z DEBUG guinea_core::actor::event_bus: bus.subscribe_fn event="events::ProcessKilled"
2026-08-25T08:50:25.116491Z DEBUG scope{scope="core.actor.send" op_id=1 correlation_id="f52de096-d323-4970-9d05-89adcaef6de9" target_fields="" target=""}: guinea_core::actor::addr: actor.send actor="actor::ProcessActor" contracts::Refresh op_id=1 correlation_id="f52de096-d323-4970-9d05-89adcaef6de9"
2026-08-25T08:50:25.116548Z DEBUG scope{scope="core.actor.send" op_id=1 correlation_id="f52de096-d323-4970-9d05-89adcaef6de9" target_fields="" target=""}: guinea_core::actor::envelope: actor.handle actor="actor::ProcessActor" contracts::Refresh op_id=1 correlation_id="f52de096-d323-4970-9d05-89adcaef6de9"
2026-08-25T08:50:25.290447Z DEBUG scope{scope="core.actor.send" op_id=2 correlation_id="4fe17a16-3e20-4bd5-a0ee-cf1ee584ac02" target_fields="" target=""}: guinea_core::actor::addr: actor.send actor="actor::MetricsActor" actor::Tick op_id=2 correlation_id="4fe17a16-3e20-4bd5-a0ee-cf1ee584ac02"
2026-08-25T08:50:25.290530Z DEBUG scope{scope="core.actor.send" op_id=2 correlation_id="4fe17a16-3e20-4bd5-a0ee-cf1ee584ac02" target_fields="" target=""}: guinea_core::actor::envelope: actor.handle actor="actor::MetricsActor" actor::Tick op_id=2 correlation_id="4fe17a16-3e20-4bd5-a0ee-cf1ee584ac02"
2026-08-25T08:50:25.302945Z DEBUG scope{scope="core.actor.send" op_id=3 correlation_id="90ba1f18-fd4f-42ac-aa11-5d55e2c34a24" target_fields="" target=""}: guinea_core::actor::addr: actor.send actor="actor::ServiceActor" actor::Refresh op_id=3 correlation_id="90ba1f18-fd4f-42ac-aa11-5d55e2c34a24"
2026-08-25T08:50:25.303019Z DEBUG scope{scope="core.actor.send" op_id=3 correlation_id="90ba1f18-fd4f-42ac-aa11-5d55e2c34a24" target_fields="" target=""}: guinea_core::actor::envelope: actor.handle actor="actor::ServiceActor" actor::Refresh op_id=3 correlation_id="90ba1f18-fd4f-42ac-aa11-5d55e2c34a24"
2026-08-25T08:50:25.309084Z DEBUG scope{scope="core.actor.send" op_id=4 correlation_id="acc7defd-598e-44e2-aa5a-099ff8cc6161" target_fields="" target=""}: guinea_core::actor::addr: actor.send actor="actor::ProcessActor" contracts::Refresh op_id=4 correlation_id="acc7defd-598e-44e2-aa5a-099ff8cc6161"
2026-08-25T08:50:25.309147Z DEBUG scope{scope="core.actor.send" op_id=4 correlation_id="acc7defd-598e-44e2-aa5a-099ff8cc6161" target_fields="" target=""}: guinea_core::actor::envelope: actor.handle actor="actor::ProcessActor" contracts::Refresh op_id=4 correlation_id="acc7defd-598e-44e2-aa5a-099ff8cc6161"
2026-08-25T08:50:28.794550Z DEBUG scope{scope="core.actor.send" op_id=5 correlation_id="b1444233-1104-4dee-bc3e-0f8b13f7cc92" target_fields="" target=""}: guinea_core::actor::addr: actor.send actor="actor::ServiceActor" actor::Refresh op_id=5 correlation_id="b1444233-1104-4dee-bc3e-0f8b13f7cc92"
2026-08-25T08:50:28.794600Z DEBUG scope{scope="core.actor.send" op_id=5 correlation_id="b1444233-1104-4dee-bc3e-0f8b13f7cc92" target_fields="" target=""}: guinea_core::actor::envelope: actor.handle actor="actor::ServiceActor" actor::Refresh op_id=5 correlation_id="b1444233-1104-4dee-bc3e-0f8b13f7cc92"
2026-08-25T08:50:28.887345Z DEBUG scope{scope="core.actor.send" op_id=6 correlation_id="9279fff7-e63c-4cca-8ca4-bdcba7496215" target_fields="" target=""}: guinea_core::actor::addr: actor.send actor="actor::MetricsActor" actor::Tick op_id=6 correlation_id="9279fff7-e63c-4cca-8ca4-bdcba7496215"
2026-08-25T08:50:28.887393Z DEBUG scope{scope="core.actor.send" op_id=6 correlation_id="9279fff7-e63c-4cca-8ca4-bdcba7496215" target_fields="" target=""}: guinea_core::actor::envelope: actor.handle actor="actor::MetricsActor" actor::Tick op_id=6 correlation_id="9279fff7-e63c-4cca-8ca4-bdcba7496215"
2026-08-25T08:50:29.146083Z DEBUG scope{scope="core.actor.send" op_id=7 correlation_id="4b23f9c8-c4b8-4f2e-b366-e45d8f503f1d" target_fields="" target=""}: guinea_core::actor::addr: actor.send actor="actor::ProcessActor" contracts::Refresh op_id=7 correlation_id="4b23f9c8-c4b8-4f2e-b366-e45d8f503f1d"
2026-08-25T08:50:29.146145Z DEBUG scope{scope="core.actor.send" op_id=7 correlation_id="4b23f9c8-c4b8-4f2e-b366-e45d8f503f1d" target_fields="" target=""}: guinea_core::actor::envelope: actor.handle actor="actor::ProcessActor" contracts::Refresh op_id=7 correlation_id="4b23f9c8-c4b8-4f2e-b366-e45d8f503f1d"
2026-08-25T08:50:29.291343Z DEBUG scope{scope="core.actor.send" op_id=8 correlation_id="12a91b30-2c97-4e5f-8477-4055f0e40dff" target_fields="" target=""}: guinea_core::actor::addr: actor.send actor="actor::ServiceActor" actor::Refresh op_id=8 correlation_id="12a91b30-2c97-4e5f-8477-4055f0e40dff"
2026-08-25T08:50:29.291392Z DEBUG scope{scope="core.actor.send" op_id=8 correlation_id="12a91b30-2c97-4e5f-8477-4055f0e40dff" target_fields="" target=""}: guinea_core::actor::envelope: actor.handle actor="actor::ServiceActor" actor::Refresh op_id=8 correlation_id="12a91b30-2c97-4e5f-8477-4055f0e40dff"
2026-08-25T08:50:29.410002Z DEBUG scope{scope="core.actor.send" op_id=9 correlation_id="02b16278-4342-427a-9eae-057ee31d0cc3" target_fields="" target=""}: guinea_core::actor::addr: actor.send actor="actor::MetricsActor" actor::Tick op_id=9 correlation_id="02b16278-4342-427a-9eae-057ee31d0cc3"
2026-08-25T08:50:29.410063Z DEBUG scope{scope="core.actor.send" op_id=9 correlation_id="02b16278-4342-427a-9eae-057ee31d0cc3" target_fields="" target=""}: guinea_core::actor::envelope: actor.handle actor="actor::MetricsActor" actor::Tick op_id=9 correlation_id="02b16278-4342-427a-9eae-057ee31d0cc3"
2026-08-25T08:50:29.527193Z DEBUG scope{scope="core.actor.send" op_id=10 correlation_id="40050380-53df-4d79-8650-a527501af84d" target_fields="" target=""}: guinea_core::actor::addr: actor.send actor="actor::ProcessActor" contracts::Refresh op_id=10 correlation_id="40050380-53df-4d79-8650-a527501af84d"
2026-08-25T08:50:29.527242Z DEBUG scope{scope="core.actor.send" op_id=10 correlation_id="40050380-53df-4d79-8650-a527501af84d" target_fields="" target=""}: guinea_core::actor::envelope: actor.handle actor="actor::ProcessActor" contracts::Refresh op_id=10 correlation_id="40050380-53df-4d79-8650-a527501af84d"
2026-08-25T08:50:29.869446Z DEBUG scope{scope="core.actor.send" op_id=11 correlation_id="9c013d80-5208-47a1-871d-cc7b5632e161" target_fields="" target=""}: guinea_core::actor::addr: actor.send actor="actor::ServiceActor" actor::Refresh op_id=11 correlation_id="9c013d80-5208-47a1-871d-cc7b5632e161"
2026-08-25T08:50:29.869558Z DEBUG scope{scope="core.actor.send" op_id=11 correlation_id="9c013d80-5208-47a1-871d-cc7b5632e161" target_fields="" target=""}: guinea_core::actor::envelope: actor.handle actor="actor::ServiceActor" actor::Refresh op_id=11 correlation_id="9c013d80-5208-47a1-871d-cc7b5632e161"
2026-08-25T08:50:29.885332Z DEBUG scope{scope="core.actor.send" op_id=12 correlation_id="784588cc-3998-455d-9498-e70359cac3ce" target_fields="" target=""}: guinea_core::actor::addr: actor.send actor="actor::MetricsActor" actor::Tick op_id=12 correlation_id="784588cc-3998-455d-9498-e70359cac3ce"
2026-08-25T08:50:29.885458Z DEBUG scope{scope="core.actor.send" op_id=12 correlation_id="784588cc-3998-455d-9498-e70359cac3ce" target_fields="" target=""}: guinea_core::actor::envelope: actor.handle actor="actor::MetricsActor" actor::Tick op_id=12 correlation_id="784588cc-3998-455d-9498-e70359cac3ce"
2026-08-25T08:50:30.022781Z DEBUG scope{scope="core.actor.send" op_id=13 correlation_id="77c6e08a-1871-4f88-ac26-cb8fc02d0920" target_fields="" target=""}: guinea_core::actor::addr: actor.send actor="actor::ServiceActor" actor::Refresh op_id=13 correlation_id="77c6e08a-1871-4f88-ac26-cb8fc02d0920"
2026-08-25T08:50:30.022927Z DEBUG scope{scope="core.actor.send" op_id=13 correlation_id="77c6e08a-1871-4f88-ac26-cb8fc02d0920" target_fields="" target=""}: guinea_core::actor::envelope: actor.handle actor="actor::ServiceActor" actor::Refresh op_id=13 correlation_id="77c6e08a-1871-4f88-ac26-cb8fc02d0920"
2026-08-25T08:50:30.411816Z DEBUG scope{scope="core.actor.send" op_id=14 correlation_id="5b97dd96-0607-4f72-9cf0-2d179e40976f" target_fields="" target=""}: guinea_core::actor::addr: actor.send actor="startup::Housekeeping" startup::Sweep op_id=14 correlation_id="5b97dd96-0607-4f72-9cf0-2d179e40976f"
2026-08-25T08:50:30.412037Z DEBUG scope{scope="core.actor.send" op_id=14 correlation_id="5b97dd96-0607-4f72-9cf0-2d179e40976f" target_fields="" target=""}: guinea_core::actor::envelope: actor.handle actor="startup::Housekeeping" startup::Sweep op_id=14 correlation_id="5b97dd96-0607-4f72-9cf0-2d179e40976f"
2026-08-25T08:50:30.412139Z DEBUG scope{scope="core.actor.send" op_id=14 correlation_id="5b97dd96-0607-4f72-9cf0-2d179e40976f" target_fields="" target=""}:actor.handle{actor="startup::Housekeeping" startup::Sweep op_id=14 correlation_id="5b97dd96-0607-4f72-9cf0-2d179e40976f"}: processes_core::startup: housekeeping sweep sweeps=1
2026-08-25T08:50:30.493719Z DEBUG scope{scope="core.actor.send" op_id=15 correlation_id="ec17e064-ff95-4116-ab2a-766a588fa006" target_fields="" target=""}: guinea_core::actor::addr: actor.send actor="actor::MetricsActor" actor::Tick op_id=15 correlation_id="ec17e064-ff95-4116-ab2a-766a588fa006"
2026-08-25T08:50:30.493910Z DEBUG scope{scope="core.actor.send" op_id=15 correlation_id="ec17e064-ff95-4116-ab2a-766a588fa006" target_fields="" target=""}: guinea_core::actor::envelope: actor.handle actor="actor::MetricsActor" actor::Tick op_id=15 correlation_id="ec17e064-ff95-4116-ab2a-766a588fa006"
